// Vitest Snapshot v1, https://vitest.dev/guide/snapshot.html

exports[`settingsView > should render 1`] = `
"<main class="mt-3">
  <div data-v-4b5aabe5="" class="osim-content">
    <h1 data-v-4b5aabe5="" class="mb-3">Settings</h1>
    <div data-v-4b5aabe5="" class="alert alert-info" role="alert"> API keys are saved securely on the backend and will persist across sessions. </div>
    <!--@submit.prevent="settingsStore.save(settings)"-->
    <form data-v-4b5aabe5="" class="osim-settings">
      <!-- <LabelInput
        v-model="bugzillaApiKey"
        label="Bugzilla API Key"
        :error="errors.bugzillaApiKey"
      /> -->
      <div data-v-4b5aabe5="" class="form-control mb-3"><label data-v-4b5aabe5="" class="d-block"><span data-v-4b5aabe5="" class="form-label">Bugzilla API Key</span>
          <div data-v-4b5aabe5="" class="input-group"><input data-v-4b5aabe5="" class="form-control is-invalid" type="password" placeholder="[none saved]"><button data-v-4b5aabe5="" type="button" class="btn btn-dark eye-toggle-btn"><i data-v-4b5aabe5="" class="bi bi-eye"></i></button></div><span data-v-4b5aabe5="" class="invalid-feedback d-block"> Please provide a Bugzilla key. </span>
        </label>
        <div data-v-4b5aabe5="" class="form-text">
          <p data-v-4b5aabe5="">Required for actions which interface with Bugzilla.</p>
          <details data-v-4b5aabe5="">
            <summary data-v-4b5aabe5="">Steps to create an API key:</summary>
            <ul data-v-4b5aabe5="">
              <li data-v-4b5aabe5="">Visit your Bugzilla user preferences page</li>
              <li data-v-4b5aabe5="">Click the API Keys tab</li>
              <li data-v-4b5aabe5="">Check the "Generate a new API key" box</li>
              <li data-v-4b5aabe5="">Click the "Submit Changes" button</li>
              <li data-v-4b5aabe5=""> Copy the API key from the banner at the top of the page. Optionally, save it to your password manager. The API key will not be shown again after you navigate away from the page. </li>
            </ul>
          </details>
        </div>
      </div>
      <div data-v-4b5aabe5="" class="form-control mb-3"><label data-v-4b5aabe5="" class="d-block"><span data-v-4b5aabe5="" class="form-label">JIRA API Key</span>
          <div data-v-4b5aabe5="" class="input-group"><input data-v-4b5aabe5="" class="form-control is-invalid" type="password" placeholder="[none saved]"><button data-v-4b5aabe5="" type="button" class="btn btn-dark eye-toggle-btn"><i data-v-4b5aabe5="" class="bi bi-eye"></i></button></div><span data-v-4b5aabe5="" class="invalid-feedback d-block"> Please provide a Jira key. </span>
        </label>
        <div data-v-4b5aabe5="" class="form-text">
          <p data-v-4b5aabe5="">Required for actions which interface with JIRA.</p>
          <details data-v-4b5aabe5="">
            <summary data-v-4b5aabe5="">Steps to create an API key:</summary>
            <ul data-v-4b5aabe5="">
              <li data-v-4b5aabe5="">Log into your JIRA account.</li>
              <li data-v-4b5aabe5=""> Go to 'Your Profile' page under your user icon menu in the upper right corner. </li>
              <li data-v-4b5aabe5="">Select Personal Access Tokens from the left hand sidebar menu.</li>
              <li data-v-4b5aabe5="">Click Create token button.</li>
              <li data-v-4b5aabe5="">Name the token meaningfully (eg. 'OSIM token') and click create.</li>
              <li data-v-4b5aabe5="">Copy token value and close.</li>
            </ul>
          </details>
        </div>
      </div>
      <div data-v-4b5aabe5="" class="mt-4"><button data-v-4b5aabe5="" type="submit" class="btn btn-primary">
          <!--v-if--> Save Settings
        </button></div>
    </form>
  </div>
</main>"
`;
