// Vitest Snapshot v1, https://vitest.dev/guide/snapshot.html

exports[`aegisCweActions > renders correctly 1`] = `
"<div data-v-e049df0b="" data-v-87dc0587="" class="d-flex align-items-center"><i data-v-e049df0b="" class="bi-stars label-icon" title="Suggest CWE via AEGIS-AI"></i>
  <!--v-if-->
  <!--v-if-->
</div>"
`;
