// Vitest Snapshot v1, https://vitest.dev/guide/snapshot.html

exports[`cvssCalculatorOverlayed > mounts and renders correctly 1`] = `
"<div data-v-b418eb65="" tabindex="0"><span data-v-b418eb65="">0</span><i data-v-b418eb65="" class="bi bi-calculator-fill p-2"></i>
  <div data-v-707feb84="" data-v-b418eb65="" class="cvss-calculator overlayed overlayed" affect="[object Object]" cvssscore="0">
    <div data-v-707feb84="" class="p-3">
      <div data-v-b418eb65="" class="osim-input">
        <div data-v-b418eb65="" class="input-wrapper col">
          <div data-v-1d5c2355="" data-v-b418eb65="" tabindex="0" class="dark-background text-cursor vector-input form-control vector-input vector-input" style="height: 30.8px;" focused=""><span data-v-1d5c2355="" class="osim-cvss-score" style="color: white;">0 </span>
            <!--v-if-->
            <!--v-if-->
          </div>
        </div><button data-v-b418eb65="" tabindex="-1" type="button" disabled="" class="erase-button input-group-text"><i data-v-b418eb65="" class="bi bi-eraser"></i></button>
      </div>
      <div data-v-707feb84="" class="osim-input mx-0">
        <div data-v-707feb84="" class="mx-auto">
          <div data-v-707feb84="" class="row-group">
            <div data-v-707feb84="" class="col-group">
              <div data-v-707feb84="" class="btn-group-vertical btn-group-sm osim-factor-severity-select"><button data-v-707feb84="" class="btn-group-header btn lh-sm" disabled="">Attack Vector</button><button data-v-707feb84="" tabindex="-1" type="button" class="btn lh-sm" data-bs-toggle="tooltip" data-bs-placement="right" title="Worst: The vulnerable component is bound to the network stack and the set of possible attackers extends beyond the other options listed below, up to and including the entire Internet. Such a vulnerability is often termed “remotely exploitable” and can be thought of as an attack being exploitable at the protocol level one or more network hops away (e.g., across one or more routers)." style="background-color: rgb(224, 224, 224);">Network</button><button data-v-707feb84="" tabindex="-1" type="button" class="btn lh-sm" data-bs-toggle="tooltip" data-bs-placement="right" title="Worse: The vulnerable component is bound to the network stack, but the attack is limited at the protocol level to a logically adjacent topology. This can mean an attack must be launched from the same shared physical (e.g., Bluetooth or IEEE 802.11) or logical (e.g., local IP subnet) network, or from within a secure or otherwise limited administrative domain (e.g., MPLS, secure VPN to an administrative network zone). One example of an Adjacent attack would be an ARP (IPv4) or neighbor discovery (IPv6) flood leading to a denial of service on the local LAN segment." style="background-color: rgb(224, 224, 224);">Adjacent</button><button data-v-707feb84="" tabindex="-1" type="button" class="btn lh-sm" data-bs-toggle="tooltip" data-bs-placement="right" title="Bad: The vulnerable component is not bound to the network stack and the attacker’s path is via read/write/execute capabilities. Either: 1.the attacker exploits the vulnerability by accessing the target system locally (e.g., keyboard, console), or remotely (e.g., SSH); 2.or the attacker relies on User Interaction by another person to perform actions required to exploit the vulnerability (e.g., using social engineering techniques to trick a legitimate user into opening a malicious document)." style="background-color: rgb(224, 224, 224);">Local</button><button data-v-707feb84="" tabindex="-1" type="button" class="btn lh-sm" data-bs-toggle="tooltip" data-bs-placement="right" title="Bad: The attack requires the attacker to physically touch or manipulate the vulnerable component. Physical interaction may be brief (e.g., evil maid attack) or persistent. An example of such an attack is a cold boot attack in which an attacker gains access to disk encryption keys after physically accessing the target system. Other examples include peripheral attacks via FireWire/USB Direct Memory Access (DMA)." style="background-color: rgb(224, 224, 224);">Physical</button></div>
            </div>
            <div data-v-707feb84="" class="col-group">
              <div data-v-707feb84="" class="btn-group-vertical btn-group-sm osim-factor-severity-select"><button data-v-707feb84="" class="btn-group-header btn lh-sm" disabled="">Attack Complexity</button><button data-v-707feb84="" tabindex="-1" type="button" class="btn lh-sm" data-bs-toggle="tooltip" data-bs-placement="right" title="Worst: Specialized access conditions or extenuating circumstances do not exist. An attacker can expect repeatable success when attacking the vulnerable component." style="background-color: rgb(224, 224, 224);">Low</button><button data-v-707feb84="" tabindex="-1" type="button" class="btn lh-sm" data-bs-toggle="tooltip" data-bs-placement="right" title="Bad: A successful attack depends on conditions beyond the attacker's control. That is, a successful attack cannot be accomplished at will, but requires the attacker to invest in some measurable amount of effort in preparation or execution against the vulnerable component before a successful attack can be expected." style="background-color: rgb(224, 224, 224);">High</button></div>
            </div>
            <div data-v-707feb84="" class="col-group">
              <div data-v-707feb84="" class="btn-group-vertical btn-group-sm osim-factor-severity-select"><button data-v-707feb84="" class="btn-group-header btn lh-sm" disabled="">Privileges Required</button><button data-v-707feb84="" tabindex="-1" type="button" class="btn lh-sm" data-bs-toggle="tooltip" data-bs-placement="right" title="Worst: The attacker is unauthorized prior to attack, and therefore does not require any access to settings or files of the the vulnerable system to carry out an attack." style="background-color: rgb(224, 224, 224);">None</button><button data-v-707feb84="" tabindex="-1" type="button" class="btn lh-sm" data-bs-toggle="tooltip" data-bs-placement="right" title="Worse: The attacker requires privileges that provide basic user capabilities that could normally affect only settings and files owned by a user. Alternatively, an attacker with Low privileges has the ability to access only non-sensitive resources." style="background-color: rgb(224, 224, 224);">Low</button><button data-v-707feb84="" tabindex="-1" type="button" class="btn lh-sm" data-bs-toggle="tooltip" data-bs-placement="right" title="Bad: The attacker requires privileges that provide significant (e.g., administrative) control over the vulnerable component allowing access to component-wide settings and files." style="background-color: rgb(224, 224, 224);">High</button></div>
            </div>
            <div data-v-707feb84="" class="col-group">
              <div data-v-707feb84="" class="btn-group-vertical btn-group-sm osim-factor-severity-select"><button data-v-707feb84="" class="btn-group-header btn lh-sm" disabled="">User Interaction</button><button data-v-707feb84="" tabindex="-1" type="button" class="btn lh-sm" data-bs-toggle="tooltip" data-bs-placement="right" title="Worst: The vulnerable system can be exploited without interaction from any user." style="background-color: rgb(224, 224, 224);">None</button><button data-v-707feb84="" tabindex="-1" type="button" class="btn lh-sm" data-bs-toggle="tooltip" data-bs-placement="right" title="Bad: Successful exploitation of this vulnerability requires a user to take some action before the vulnerability can be exploited. For example, a successful exploit may only be possible during the installation of an application by a system administrator." style="background-color: rgb(224, 224, 224);">Required</button></div>
            </div>
          </div>
          <div data-v-707feb84="" class="row-group">
            <div data-v-707feb84="" class="col-group">
              <div data-v-707feb84="" class="btn-group-vertical btn-group-sm osim-factor-severity-select"><button data-v-707feb84="" class="btn-group-header btn lh-sm" disabled="">Scope</button><button data-v-707feb84="" tabindex="-1" type="button" class="btn lh-sm" data-bs-toggle="tooltip" data-bs-placement="right" title="Worst: An exploited vulnerability can affect resources beyond the security scope managed by the security authority of the vulnerable component. In this case, the vulnerable component and the impacted component are different and managed by different security authorities." style="background-color: rgb(224, 224, 224);">Changed</button><button data-v-707feb84="" tabindex="-1" type="button" class="btn lh-sm" data-bs-toggle="tooltip" data-bs-placement="right" title="Bad: An exploited vulnerability can only affect resources managed by the same security authority. In this case, the vulnerable component and the impacted component are either the same, or both are managed by the same security authority." style="background-color: rgb(224, 224, 224);">Unchanged</button></div>
            </div>
            <div data-v-707feb84="" class="col-group">
              <div data-v-707feb84="" class="btn-group-vertical btn-group-sm osim-factor-severity-select"><button data-v-707feb84="" class="btn-group-header btn lh-sm" disabled="">Confidentiality</button><button data-v-707feb84="" tabindex="-1" type="button" class="btn lh-sm" data-bs-toggle="tooltip" data-bs-placement="right" title="Worst: There is a total loss of confidentiality, resulting in all resources within the impacted component being divulged to the attacker. Alternatively, access to only some restricted information is obtained, but the disclosed information presents a direct, serious impact. For example, an attacker steals the administrator's password, or private encryption keys of a web server." style="background-color: rgb(224, 224, 224);">High</button><button data-v-707feb84="" tabindex="-1" type="button" class="btn lh-sm" data-bs-toggle="tooltip" data-bs-placement="right" title="Bad: There is some loss of confidentiality. Access to some restricted information is obtained, but the attacker does not have control over what information is obtained, or the amount or kind of loss is limited. The information disclosure does not cause a direct, serious loss to the impacted component." style="background-color: rgb(224, 224, 224);">Low</button><button data-v-707feb84="" tabindex="-1" type="button" class="btn lh-sm" data-bs-toggle="tooltip" data-bs-placement="right" title="Good: There is no loss of confidentiality within the impacted component." style="background-color: rgb(224, 224, 224);">None</button></div>
            </div>
            <div data-v-707feb84="" class="col-group">
              <div data-v-707feb84="" class="btn-group-vertical btn-group-sm osim-factor-severity-select"><button data-v-707feb84="" class="btn-group-header btn lh-sm" disabled="">Integrity</button><button data-v-707feb84="" tabindex="-1" type="button" class="btn lh-sm" data-bs-toggle="tooltip" data-bs-placement="right" title="Worst: There is a total loss of integrity, or a complete loss of protection. For example, the attacker is able to modify any/all files protected by the impacted component. Alternatively, only some files can be modified, but malicious modification would present a direct, serious consequence to the impacted component." style="background-color: rgb(224, 224, 224);">High</button><button data-v-707feb84="" tabindex="-1" type="button" class="btn lh-sm" data-bs-toggle="tooltip" data-bs-placement="right" title="Bad: Modification of data is possible, but the attacker does not have control over the consequence of a modification, or the amount of modification is limited. The data modification does not have a direct, serious impact on the impacted component." style="background-color: rgb(224, 224, 224);">Low</button><button data-v-707feb84="" tabindex="-1" type="button" class="btn lh-sm" data-bs-toggle="tooltip" data-bs-placement="right" title="Good: There is no loss of integrity within the impacted component." style="background-color: rgb(224, 224, 224);">None</button></div>
            </div>
            <div data-v-707feb84="" class="col-group">
              <div data-v-707feb84="" class="btn-group-vertical btn-group-sm osim-factor-severity-select"><button data-v-707feb84="" class="btn-group-header btn lh-sm" disabled="">Availability</button><button data-v-707feb84="" tabindex="-1" type="button" class="btn lh-sm" data-bs-toggle="tooltip" data-bs-placement="right" title="Worst: There is a total loss of availability, resulting in the attacker being able to fully deny access to resources in the impacted component; this loss is either sustained (while the attacker continues to deliver the attack) or persistent (the condition persists even after the attack has completed). Alternatively, the attacker has the ability to deny some availability, but the loss of availability presents a direct, serious consequence to the impacted component (e.g., the attacker cannot disrupt existing connections, but can prevent new connections; the attacker can repeatedly exploit a vulnerability that, in each instance of a successful attack, leaks a only small amount of memory, but after repeated exploitation causes a service to become completely unavailable)." style="background-color: rgb(224, 224, 224);">High</button><button data-v-707feb84="" tabindex="-1" type="button" class="btn lh-sm" data-bs-toggle="tooltip" data-bs-placement="right" title="Bad: Performance is reduced or there are interruptions in resource availability. Even if repeated exploitation of the vulnerability is possible, the attacker does not have the ability to completely deny service to legitimate users. The resources in the impacted component are either partially available all of the time, or fully available only some of the time, but overall there is no direct, serious consequence to the impacted component." style="background-color: rgb(224, 224, 224);">Low</button><button data-v-707feb84="" tabindex="-1" type="button" class="btn lh-sm" data-bs-toggle="tooltip" data-bs-placement="right" title="Good: There is no impact to availability within the impacted component." style="background-color: rgb(224, 224, 224);">None</button></div>
            </div>
          </div>
        </div>
      </div>
    </div>
  </div>
</div>"
`;
