// Vitest Snapshot v1, https://vitest.dev/guide/snapshot.html

exports[`flawHistory > is shown if history present on flaw 1`] = `
"<div data-v-4715e8e2="" data-v-f4fcc8d4="" class="osim-collapsible-label my-2"><button data-v-4715e8e2="" type="button" class="me-2 osim-collapsible-toggle"><i data-v-4715e8e2="" class="bi me-1 bi-dash-square-dotted"></i><label data-v-f4fcc8d4="" class="mx-2 mb-0 form-label">
      <h4 data-v-f4fcc8d4="" class="">History</h4>
    </label></button>
  <div data-v-4715e8e2="" class="ps-3 border-start">
    <div data-v-4715e8e2="" class="">
      <div data-v-f4fcc8d4="" class="d-flex mb-2 gap-2"><button data-v-f4fcc8d4="" tabindex="-1" type="button" disabled="" class="input-group-text"><i data-v-f4fcc8d4="" class="bi bi-eraser"></i></button>
        <editable-date-stub data-v-f4fcc8d4="" placeholder="[Start date]" editing="false" includestime="false" readonly="false" style="width: 225px;"></editable-date-stub>
        <editable-date-stub data-v-f4fcc8d4="" placeholder="[End date]" editing="false" includestime="false" readonly="false" style="width: 225px;"></editable-date-stub>
      </div>
      <div data-v-f4fcc8d4="" class="mt-2">
        <div data-v-f4fcc8d4="" class="mt-2">
          <div data-v-f4fcc8d4="" class="alert alert-info mb-1 p-2"><span data-v-f4fcc8d4="">2024-10-04 15:06:56 UTC - 1</span>
            <ul data-v-f4fcc8d4="" class="mb-2">
              <li data-v-f4fcc8d4="">
                <div data-v-f4fcc8d4="" class="ms-3 pb-0">
                  <!--v-if--><span data-v-f4fcc8d4="">Update</span><span data-v-f4fcc8d4="" class="fw-bold"> Owner</span><span data-v-f4fcc8d4="">:  </span><i data-v-f4fcc8d4="" class="bi bi-arrow-right"></i> noemail@example.com
                </div>
              </li>
            </ul>
          </div>
        </div>
      </div>
    </div>
  </div>
</div>
<div data-v-f4fcc8d4="" class="pagination-controls gap-1 my-2"><button data-v-f4fcc8d4="" type="button" tabindex="-1" class="btn btn-sm btn-secondary rounded-end-0" disabled=""><i data-v-f4fcc8d4="" class="bi bi-arrow-left fs-5"></i></button><button data-v-f4fcc8d4="" tabindex="-1" class="osim-page-btn btn btn-sm rounded-0 btn-secondary" style="width: 34.8px;" disabled="">1</button><button data-v-f4fcc8d4="" type="button" tabindex="-1" class="btn btn-sm btn-secondary rounded-start-0" disabled=""><i data-v-f4fcc8d4="" class="bi bi-arrow-right fs-5"></i></button></div>"
`;
